Sep-19 14:55:57.278 [main] DEBUG nextflow.cli.Launcher - $> nextflow run main.nf -process.debug
Sep-19 14:55:57.376 [main] DEBUG nextflow.cli.CmdRun - N E X T F L O W  ~  version 26.04.0
Sep-19 14:55:57.414 [main] DEBUG nextflow.plugin.PluginsFacade - Setting up plugin manager > mode=prod; embedded=false; plugins-dir=/home/pritom-sarkar/.nextflow/plugins; core-plugins: nf-amazon@3.9.0,nf-azure@1.22.2,nf-cloudcache@0.6.0,nf-codecommit@0.5.1,nf-console@1.3.0,nf-google@1.27.2,nf-k8s@1.5.2,nf-seqera@0.19.0,nf-tower@1.27.0,nf-wave@1.20.0
Sep-19 14:55:57.451 [main] INFO  o.pf4j.DefaultPluginStatusProvider - Enabled plugins: []
Sep-19 14:55:57.453 [main] INFO  o.pf4j.DefaultPluginStatusProvider - Disabled plugins: []
Sep-19 14:55:57.457 [main] INFO  org.pf4j.DefaultPluginManager - PF4J version 3.14.1 in 'deployment' mode
Sep-19 14:55:57.481 [main] DEBUG nextflow.util.RetryConfig - Missing nextflow session - using default retry config
Sep-19 14:55:57.664 [main] DEBUG nextflow.plugin.PluginUpdater - Using plugin repository: HttpPluginRepository [registry]; url=https://registry.nextflow.io/api
Sep-19 14:55:57.669 [main] INFO  org.pf4j.AbstractPluginManager - No plugins
Sep-19 14:55:57.724 [main] DEBUG nextflow.config.ConfigBuilder - Found config local: /home/pritom-sarkar/Experiment_PLOS_Revision/GIthub_CRC_PLOS/CRC_nf/nextflow.config
Sep-19 14:55:57.729 [main] DEBUG nextflow.config.ConfigBuilder - Parsing config file: /home/pritom-sarkar/Experiment_PLOS_Revision/GIthub_CRC_PLOS/CRC_nf/nextflow.config
Sep-19 14:55:57.735 [main] DEBUG nextflow.config.ConfigParserFactory - Using config parser v2
Sep-19 14:55:57.764 [main] DEBUG nextflow.config.ConfigBuilder - Applying config profile: `standard`
Sep-19 14:55:58.223 [main] DEBUG nextflow.plugin.PluginsFacade - Plugins default=[]
Sep-19 14:55:58.223 [main] DEBUG nextflow.plugin.PluginsFacade - Plugins resolved requirement=[]
Sep-19 14:55:58.240 [main] DEBUG n.secret.LocalSecretsProvider - Secrets store: /home/pritom-sarkar/.nextflow/secrets/store.json
Sep-19 14:55:58.243 [main] DEBUG nextflow.secret.SecretsLoader - Discovered secrets providers: [nextflow.secret.LocalSecretsProvider@48b4a043] - activable => nextflow.secret.LocalSecretsProvider@48b4a043
Sep-19 14:55:58.257 [main] DEBUG nextflow.cli.CmdRun - Launching `main.nf` [gloomy_allen] - revision: be3416fe7a
Sep-19 14:55:58.347 [main] DEBUG nextflow.Session - Session UUID: 5de41c2a-75cd-4646-a521-fc6c4633d0a3
Sep-19 14:55:58.347 [main] DEBUG nextflow.Session - Run name: gloomy_allen
Sep-19 14:55:58.348 [main] DEBUG nextflow.Session - Executor pool size: 12
Sep-19 14:55:58.360 [main] DEBUG nextflow.file.FilePorter - File porter settings maxRetries=3; maxTransfers=50; pollTimeout=null
Sep-19 14:55:58.375 [main] DEBUG nextflow.util.ThreadPoolBuilder - Creating thread pool 'FileTransfer' minSize=10; maxSize=36; workQueue=LinkedBlockingQueue[-1]; allowCoreThreadTimeout=false
Sep-19 14:55:58.411 [main] DEBUG nextflow.cli.CmdRun - 
  Version: 26.04.0 build 12031
  Created: 29-04-2026 04:00 UTC (10:00 BDST)
  System: Linux 6.14.0-33-generic
  Runtime: Groovy 4.0.31 on OpenJDK 64-Bit Server VM 17.0.20+8-1-24.04-Ubuntu
  Encoding: UTF-8 (UTF-8)
  Process: 22391@hp-laptop [127.0.1.1]
  CPUs: 12 - Mem: 7.4 GB (748.6 MB) - Swap: 4 GB (4 GB)
Sep-19 14:55:58.448 [main] DEBUG nextflow.Session - Work-dir: /home/pritom-sarkar/Experiment_PLOS_Revision/GIthub_CRC_PLOS/CRC_nf/work [ext2/ext3]
Sep-19 14:55:58.448 [main] DEBUG nextflow.Session - Script base path does not exist or is not a directory: /home/pritom-sarkar/Experiment_PLOS_Revision/GIthub_CRC_PLOS/CRC_nf/bin
Sep-19 14:55:58.460 [main] DEBUG nextflow.executor.ExecutorFactory - Extension executors providers=[]
Sep-19 14:55:58.475 [main] DEBUG nextflow.Session - Observer factory (v2): LinObserverFactory
Sep-19 14:55:58.478 [main] DEBUG nextflow.Session - Observer factory (v2): DefaultObserverFactory
Sep-19 14:55:58.538 [main] DEBUG nextflow.cache.CacheFactory - Using Nextflow cache factory: nextflow.cache.DefaultCacheFactory
Sep-19 14:55:58.551 [main] DEBUG nextflow.util.CustomThreadPool - Creating default thread pool > poolSize: 13; maxThreads: 1000
Sep-19 14:55:58.605 [main] DEBUG nextflow.Session - Session start
Sep-19 14:55:58.611 [main] DEBUG nextflow.script.ScriptLoaderFactory - Using script parser v2
Sep-19 14:55:59.199 [main] DEBUG nextflow.script.ScriptRunner - > Launching execution
Sep-19 14:55:59.498 [main] DEBUG nextflow.executor.ExecutorFactory - << taskConfig executor: local
Sep-19 14:55:59.499 [main] DEBUG nextflow.executor.ExecutorFactory - >> processorType: 'local'
Sep-19 14:55:59.510 [main] DEBUG nextflow.executor.Executor - [warm up] executor > local
Sep-19 14:55:59.519 [main] DEBUG n.processor.LocalPollingMonitor - Creating local task monitor for executor 'local' > cpus=12; memory=7.4 GB; capacity=12; pollInterval=100ms; dumpInterval=5m
Sep-19 14:55:59.522 [main] DEBUG n.processor.TaskPollingMonitor - >>> barrier register (monitor: local)
Sep-19 14:55:59.569 [main] DEBUG nextflow.processor.TaskProcessor - Creating process 'R_LoadData': maxForks=1; fair=false; array=0
Sep-19 14:55:59.640 [main] DEBUG nextflow.executor.ExecutorFactory - << taskConfig executor: local
Sep-19 14:55:59.641 [main] DEBUG nextflow.executor.ExecutorFactory - >> processorType: 'local'
Sep-19 14:55:59.643 [main] DEBUG nextflow.processor.TaskProcessor - Creating process 'R_LimmaAnalysis': maxForks=1; fair=false; array=0
Sep-19 14:55:59.698 [main] DEBUG n.script.dsl.ProcessConfigBuilder - Config settings `withName:R_Annotation` matches process R_Annotation
Sep-19 14:55:59.702 [main] DEBUG nextflow.executor.ExecutorFactory - << taskConfig executor: local
Sep-19 14:55:59.703 [main] DEBUG nextflow.executor.ExecutorFactory - >> processorType: 'local'
Sep-19 14:55:59.704 [main] DEBUG nextflow.processor.TaskProcessor - Creating process 'R_Annotation': maxForks=1; fair=false; array=0
Sep-19 14:55:59.716 [main] DEBUG nextflow.executor.ExecutorFactory - << taskConfig executor: local
Sep-19 14:55:59.716 [main] DEBUG nextflow.executor.ExecutorFactory - >> processorType: 'local'
Sep-19 14:55:59.717 [main] DEBUG nextflow.processor.TaskProcessor - Creating process 'R_StepMiner': maxForks=1; fair=false; array=0
Sep-19 14:55:59.723 [main] DEBUG nextflow.executor.ExecutorFactory - << taskConfig executor: local
Sep-19 14:55:59.723 [main] DEBUG nextflow.executor.ExecutorFactory - >> processorType: 'local'
Sep-19 14:55:59.724 [main] DEBUG nextflow.processor.TaskProcessor - Creating process 'R_TransitionMapping': maxForks=1; fair=false; array=0
Sep-19 14:55:59.732 [main] DEBUG nextflow.executor.ExecutorFactory - << taskConfig executor: local
Sep-19 14:55:59.732 [main] DEBUG nextflow.executor.ExecutorFactory - >> processorType: 'local'
Sep-19 14:55:59.733 [main] DEBUG nextflow.processor.TaskProcessor - Creating process 'R_StageClassification': maxForks=1; fair=false; array=0
Sep-19 14:55:59.740 [main] DEBUG nextflow.executor.ExecutorFactory - << taskConfig executor: local
Sep-19 14:55:59.740 [main] DEBUG nextflow.executor.ExecutorFactory - >> processorType: 'local'
Sep-19 14:55:59.741 [main] DEBUG nextflow.processor.TaskProcessor - Creating process 'R_PermutationStabilityCheck': maxForks=1; fair=false; array=0
Sep-19 14:55:59.747 [main] DEBUG nextflow.executor.ExecutorFactory - << taskConfig executor: local
Sep-19 14:55:59.748 [main] DEBUG nextflow.executor.ExecutorFactory - >> processorType: 'local'
Sep-19 14:55:59.749 [main] DEBUG nextflow.processor.TaskProcessor - Creating process 'R_ExternalValidation': maxForks=1; fair=false; array=0
Sep-19 14:55:59.754 [main] DEBUG nextflow.executor.ExecutorFactory - << taskConfig executor: local
Sep-19 14:55:59.754 [main] DEBUG nextflow.executor.ExecutorFactory - >> processorType: 'local'
Sep-19 14:55:59.754 [main] DEBUG nextflow.processor.TaskProcessor - Creating process 'R_LiverLungOverlapCheck': maxForks=1; fair=false; array=0
Sep-19 14:55:59.758 [main] DEBUG nextflow.executor.ExecutorFactory - << taskConfig executor: local
Sep-19 14:55:59.758 [main] DEBUG nextflow.executor.ExecutorFactory - >> processorType: 'local'
Sep-19 14:55:59.758 [main] DEBUG nextflow.processor.TaskProcessor - Creating process 'R_MetastasisOrganMarkerCheck': maxForks=1; fair=false; array=0
Sep-19 14:55:59.761 [main] DEBUG nextflow.executor.ExecutorFactory - << taskConfig executor: local
Sep-19 14:55:59.762 [main] DEBUG nextflow.executor.ExecutorFactory - >> processorType: 'local'
Sep-19 14:55:59.762 [main] DEBUG nextflow.processor.TaskProcessor - Creating process 'R_PairedPrimaryMetastasisCheck': maxForks=1; fair=false; array=0
Sep-19 14:55:59.766 [main] DEBUG nextflow.executor.ExecutorFactory - << taskConfig executor: local
Sep-19 14:55:59.766 [main] DEBUG nextflow.executor.ExecutorFactory - >> processorType: 'local'
Sep-19 14:55:59.767 [main] DEBUG nextflow.processor.TaskProcessor - Creating process 'R_FeatureSizeSensitivity': maxForks=1; fair=false; array=0
Sep-19 14:55:59.772 [main] DEBUG nextflow.executor.ExecutorFactory - << taskConfig executor: local
Sep-19 14:55:59.772 [main] DEBUG nextflow.executor.ExecutorFactory - >> processorType: 'local'
Sep-19 14:55:59.773 [main] DEBUG nextflow.processor.TaskProcessor - Creating process 'R_BootstrapFeatureStability': maxForks=1; fair=false; array=0
Sep-19 14:55:59.779 [main] DEBUG nextflow.executor.ExecutorFactory - << taskConfig executor: local
Sep-19 14:55:59.779 [main] DEBUG nextflow.executor.ExecutorFactory - >> processorType: 'local'
Sep-19 14:55:59.780 [main] DEBUG nextflow.processor.TaskProcessor - Creating process 'R_BootstrapCI': maxForks=1; fair=false; array=0
Sep-19 14:55:59.786 [main] DEBUG nextflow.executor.ExecutorFactory - << taskConfig executor: local
Sep-19 14:55:59.786 [main] DEBUG nextflow.executor.ExecutorFactory - >> processorType: 'local'
Sep-19 14:55:59.787 [main] DEBUG nextflow.processor.TaskProcessor - Creating process 'R_BalancedMetricsClassWeight': maxForks=1; fair=false; array=0
Sep-19 14:55:59.793 [main] DEBUG nextflow.executor.ExecutorFactory - << taskConfig executor: local
Sep-19 14:55:59.793 [main] DEBUG nextflow.executor.ExecutorFactory - >> processorType: 'local'
Sep-19 14:55:59.794 [main] DEBUG nextflow.processor.TaskProcessor - Creating process 'Python_EnsemblMapping': maxForks=1; fair=false; array=0
Sep-19 14:55:59.802 [main] DEBUG nextflow.executor.ExecutorFactory - << taskConfig executor: local
Sep-19 14:55:59.802 [main] DEBUG nextflow.executor.ExecutorFactory - >> processorType: 'local'
Sep-19 14:55:59.803 [main] DEBUG nextflow.processor.TaskProcessor - Creating process 'Python_MultiCohortValidation': maxForks=1; fair=false; array=0
Sep-19 14:55:59.810 [main] DEBUG nextflow.executor.ExecutorFactory - << taskConfig executor: local
Sep-19 14:55:59.811 [main] DEBUG nextflow.executor.ExecutorFactory - >> processorType: 'local'
Sep-19 14:55:59.811 [main] DEBUG nextflow.processor.TaskProcessor - Creating process 'Python_BloodCrossValidation': maxForks=1; fair=false; array=0
Sep-19 14:55:59.815 [main] DEBUG n.script.dsl.ProcessConfigBuilder - Config settings `withName:Python_KEGGAnalysis|Python_GOAnalysis` matches process Python_KEGGAnalysis
Sep-19 14:55:59.817 [main] DEBUG nextflow.executor.ExecutorFactory - << taskConfig executor: local
Sep-19 14:55:59.817 [main] DEBUG nextflow.executor.ExecutorFactory - >> processorType: 'local'
Sep-19 14:55:59.818 [main] DEBUG nextflow.processor.TaskProcessor - Creating process 'Python_KEGGAnalysis': maxForks=1; fair=false; array=0
Sep-19 14:55:59.821 [main] DEBUG n.script.dsl.ProcessConfigBuilder - Config settings `withName:Python_KEGGAnalysis|Python_GOAnalysis` matches process Python_GOAnalysis
Sep-19 14:55:59.822 [main] DEBUG nextflow.executor.ExecutorFactory - << taskConfig executor: local
Sep-19 14:55:59.822 [main] DEBUG nextflow.executor.ExecutorFactory - >> processorType: 'local'
Sep-19 14:55:59.823 [main] DEBUG nextflow.processor.TaskProcessor - Creating process 'Python_GOAnalysis': maxForks=1; fair=false; array=0
Sep-19 14:55:59.829 [main] DEBUG nextflow.executor.ExecutorFactory - << taskConfig executor: local
Sep-19 14:55:59.829 [main] DEBUG nextflow.executor.ExecutorFactory - >> processorType: 'local'
Sep-19 14:55:59.830 [main] DEBUG nextflow.processor.TaskProcessor - Creating process 'Python_BloodBatchEffectValidation': maxForks=1; fair=false; array=0
Sep-19 14:55:59.834 [main] DEBUG nextflow.Session - Process names: R_StageClassification, R_LimmaAnalysis, R_PermutationStabilityCheck, R_BalancedMetricsClassWeight, R_PairedPrimaryMetastasisCheck, Python_MultiCohortValidation, Python_EnsemblMapping, R_TransitionMapping, Python_BloodCrossValidation, R_ExternalValidation, Python_GOAnalysis, R_LiverLungOverlapCheck, R_FeatureSizeSensitivity, R_BootstrapFeatureStability, Python_KEGGAnalysis, R_MetastasisOrganMarkerCheck, R_Annotation, R_StepMiner, R_LoadData, R_BootstrapCI, Python_BloodBatchEffectValidation
Sep-19 14:55:59.838 [main] DEBUG nextflow.Session - Igniting dataflow network (33)
Sep-19 14:55:59.846 [main] DEBUG nextflow.processor.TaskProcessor - Starting process > R_LoadData
Sep-19 14:55:59.847 [main] DEBUG nextflow.processor.TaskProcessor - Starting process > R_LimmaAnalysis
Sep-19 14:55:59.848 [main] DEBUG nextflow.processor.TaskProcessor - Starting process > R_Annotation
Sep-19 14:55:59.849 [main] DEBUG nextflow.processor.TaskProcessor - Starting process > R_StepMiner
Sep-19 14:55:59.849 [main] DEBUG nextflow.processor.TaskProcessor - Starting process > R_TransitionMapping
Sep-19 14:55:59.849 [main] DEBUG nextflow.processor.TaskProcessor - Starting process > R_StageClassification
Sep-19 14:55:59.850 [main] DEBUG nextflow.processor.TaskProcessor - Starting process > R_PermutationStabilityCheck
Sep-19 14:55:59.851 [main] DEBUG nextflow.processor.TaskProcessor - Starting process > R_ExternalValidation
Sep-19 14:55:59.852 [main] DEBUG nextflow.processor.TaskProcessor - Starting process > R_LiverLungOverlapCheck
Sep-19 14:55:59.852 [main] DEBUG nextflow.processor.TaskProcessor - Starting process > R_MetastasisOrganMarkerCheck
Sep-19 14:55:59.852 [main] DEBUG nextflow.processor.TaskProcessor - Starting process > R_PairedPrimaryMetastasisCheck
Sep-19 14:55:59.853 [main] DEBUG nextflow.processor.TaskProcessor - Starting process > R_FeatureSizeSensitivity
Sep-19 14:55:59.853 [main] DEBUG nextflow.processor.TaskProcessor - Starting process > R_BootstrapFeatureStability
Sep-19 14:55:59.853 [main] DEBUG nextflow.processor.TaskProcessor - Starting process > R_BootstrapCI
Sep-19 14:55:59.853 [main] DEBUG nextflow.processor.TaskProcessor - Starting process > R_BalancedMetricsClassWeight
Sep-19 14:55:59.854 [main] DEBUG nextflow.processor.TaskProcessor - Starting process > Python_EnsemblMapping
Sep-19 14:55:59.855 [main] DEBUG nextflow.processor.TaskProcessor - Starting process > Python_MultiCohortValidation
Sep-19 14:55:59.855 [main] DEBUG nextflow.processor.TaskProcessor - Starting process > Python_BloodCrossValidation
Sep-19 14:55:59.855 [main] DEBUG nextflow.processor.TaskProcessor - Starting process > Python_KEGGAnalysis
Sep-19 14:55:59.855 [main] DEBUG nextflow.processor.TaskProcessor - Starting process > Python_GOAnalysis
Sep-19 14:55:59.855 [main] DEBUG nextflow.processor.TaskProcessor - Starting process > Python_BloodBatchEffectValidation
Sep-19 14:55:59.856 [main] DEBUG nextflow.script.ScriptRunner - Parsed script files:
  Main: /home/pritom-sarkar/Experiment_PLOS_Revision/GIthub_CRC_PLOS/CRC_nf/main.nf
Sep-19 14:55:59.856 [main] DEBUG nextflow.script.ScriptRunner - > Awaiting termination 
Sep-19 14:55:59.856 [main] DEBUG nextflow.Session - Session await
Sep-19 14:56:00.035 [Task submitter] DEBUG n.executor.local.LocalTaskHandler - Launch cmd line: /bin/bash -ue .command.run
Sep-19 14:56:00.040 [Task submitter] INFO  nextflow.Session - [c6/c00555] Submitted process > R_LoadData (1)
Sep-19 14:56:09.087 [Task monitor] DEBUG n.processor.TaskPollingMonitor - Task completed > TaskHandler[id: 1; name: R_LoadData (1); status: COMPLETED; exit: 0; error: -; workDir: /home/pritom-sarkar/Experiment_PLOS_Revision/GIthub_CRC_PLOS/CRC_nf/work/c6/c00555745aa5044fc19eaed7d37ae0]
Sep-19 14:56:09.089 [Task monitor] DEBUG nextflow.util.ThreadPoolBuilder - Creating thread pool 'TaskFinalizer' minSize=10; maxSize=36; workQueue=LinkedBlockingQueue[-1]; allowCoreThreadTimeout=false
Sep-19 14:56:09.148 [TaskFinalizer-1] DEBUG nextflow.util.ThreadPoolBuilder - Creating thread pool 'PublishDir' minSize=10; maxSize=36; workQueue=LinkedBlockingQueue[-1]; allowCoreThreadTimeout=false
Sep-19 14:56:09.165 [Task submitter] DEBUG n.executor.local.LocalTaskHandler - Launch cmd line: /bin/bash -ue .command.run
Sep-19 14:56:09.167 [Task submitter] INFO  nextflow.Session - [61/e2a549] Submitted process > R_LimmaAnalysis (1)
Sep-19 14:56:23.145 [Task monitor] DEBUG n.processor.TaskPollingMonitor - Task completed > TaskHandler[id: 2; name: R_LimmaAnalysis (1); status: COMPLETED; exit: 0; error: -; workDir: /home/pritom-sarkar/Experiment_PLOS_Revision/GIthub_CRC_PLOS/CRC_nf/work/61/e2a54901761603fad039ae6b360d6a]
Sep-19 14:56:23.218 [Task submitter] DEBUG n.executor.local.LocalTaskHandler - Launch cmd line: /bin/bash -ue .command.run
Sep-19 14:56:23.220 [Task submitter] INFO  nextflow.Session - [3b/6e33ab] Submitted process > R_StepMiner (1)
Sep-19 14:56:23.249 [Task submitter] DEBUG n.executor.local.LocalTaskHandler - Launch cmd line: /bin/bash -ue .command.run
Sep-19 14:56:23.251 [Task submitter] INFO  nextflow.Session - [66/1cd9ae] Submitted process > R_Annotation (2)
Sep-19 14:56:27.507 [Task monitor] DEBUG n.processor.TaskPollingMonitor - Task completed > TaskHandler[id: 5; name: R_Annotation (2); status: COMPLETED; exit: 0; error: -; workDir: /home/pritom-sarkar/Experiment_PLOS_Revision/GIthub_CRC_PLOS/CRC_nf/work/66/1cd9aebb7f97a1a296cacb35ae764b]
Sep-19 14:56:27.522 [Task submitter] DEBUG n.executor.local.LocalTaskHandler - Launch cmd line: /bin/bash -ue .command.run
Sep-19 14:56:27.524 [Task submitter] INFO  nextflow.Session - [76/bb9d57] Submitted process > R_Annotation (5)
Sep-19 14:56:30.364 [Task monitor] DEBUG n.processor.TaskPollingMonitor - Task completed > TaskHandler[id: 8; name: R_Annotation (5); status: COMPLETED; exit: 0; error: -; workDir: /home/pritom-sarkar/Experiment_PLOS_Revision/GIthub_CRC_PLOS/CRC_nf/work/76/bb9d5738098319f82a38a0dd31561b]
Sep-19 14:56:30.370 [Task submitter] DEBUG n.executor.local.LocalTaskHandler - Launch cmd line: /bin/bash -ue .command.run
Sep-19 14:56:30.371 [Task submitter] INFO  nextflow.Session - [69/3a814e] Submitted process > R_Annotation (3)
Sep-19 14:56:30.633 [TaskFinalizer-4] DEBUG nextflow.processor.TaskProcessor - Process R_Annotation > Skipping output binding because one or more optional files are missing: fileoutparam<0>
Sep-19 14:56:34.511 [Task monitor] DEBUG n.processor.TaskPollingMonitor - Task completed > TaskHandler[id: 6; name: R_Annotation (3); status: COMPLETED; exit: 0; error: -; workDir: /home/pritom-sarkar/Experiment_PLOS_Revision/GIthub_CRC_PLOS/CRC_nf/work/69/3a814ebc9a684430fbefbbeff7f626]
Sep-19 14:56:34.525 [Task submitter] DEBUG n.executor.local.LocalTaskHandler - Launch cmd line: /bin/bash -ue .command.run
Sep-19 14:56:34.525 [Task submitter] INFO  nextflow.Session - [2e/2f8e48] Submitted process > R_Annotation (1)
Sep-19 14:56:35.397 [Task monitor] DEBUG n.processor.TaskPollingMonitor - Task completed > TaskHandler[id: 3; name: R_StepMiner (1); status: COMPLETED; exit: 0; error: -; workDir: /home/pritom-sarkar/Experiment_PLOS_Revision/GIthub_CRC_PLOS/CRC_nf/work/3b/6e33aba7b76695e8502497fa31007e]
Sep-19 14:56:36.402 [Task submitter] DEBUG n.executor.local.LocalTaskHandler - Launch cmd line: /bin/bash -ue .command.run
Sep-19 14:56:36.403 [Task submitter] INFO  nextflow.Session - [38/4dc2ac] Submitted process > R_TransitionMapping (1)
Sep-19 14:56:38.059 [Task monitor] DEBUG n.processor.TaskPollingMonitor - Task completed > TaskHandler[id: 10; name: R_TransitionMapping (1); status: COMPLETED; exit: 0; error: -; workDir: /home/pritom-sarkar/Experiment_PLOS_Revision/GIthub_CRC_PLOS/CRC_nf/work/38/4dc2acc72fb328e173dbf75c24a75e]
Sep-19 14:56:38.521 [Task monitor] DEBUG n.processor.TaskPollingMonitor - Task completed > TaskHandler[id: 4; name: R_Annotation (1); status: COMPLETED; exit: 0; error: -; workDir: /home/pritom-sarkar/Experiment_PLOS_Revision/GIthub_CRC_PLOS/CRC_nf/work/2e/2f8e486c5487bc7144d6d464cf8973]
Sep-19 14:56:38.531 [Task submitter] DEBUG n.executor.local.LocalTaskHandler - Launch cmd line: /bin/bash -ue .command.run
Sep-19 14:56:38.532 [Task submitter] INFO  nextflow.Session - [e3/7873cc] Submitted process > R_Annotation (6)
Sep-19 14:56:38.550 [Task submitter] DEBUG n.executor.local.LocalTaskHandler - Launch cmd line: /bin/bash -ue .command.run
Sep-19 14:56:38.551 [Task submitter] INFO  nextflow.Session - [65/b4c719] Submitted process > R_MetastasisOrganMarkerCheck (1)
Sep-19 14:56:41.461 [Task monitor] DEBUG n.processor.TaskPollingMonitor - Task completed > TaskHandler[id: 9; name: R_Annotation (6); status: COMPLETED; exit: 0; error: -; workDir: /home/pritom-sarkar/Experiment_PLOS_Revision/GIthub_CRC_PLOS/CRC_nf/work/e3/7873cc4111a1768b86acc030992fa1]
Sep-19 14:56:41.468 [TaskFinalizer-9] DEBUG nextflow.processor.TaskProcessor - Process R_Annotation > Skipping output binding because one or more optional files are missing: fileoutparam<0>
Sep-19 14:56:41.469 [Task submitter] DEBUG n.executor.local.LocalTaskHandler - Launch cmd line: /bin/bash -ue .command.run
Sep-19 14:56:41.470 [Task submitter] INFO  nextflow.Session - [27/bd28cd] Submitted process > R_Annotation (4)
Sep-19 14:56:44.427 [Task monitor] DEBUG n.processor.TaskPollingMonitor - Task completed > TaskHandler[id: 7; name: R_Annotation (4); status: COMPLETED; exit: 0; error: -; workDir: /home/pritom-sarkar/Experiment_PLOS_Revision/GIthub_CRC_PLOS/CRC_nf/work/27/bd28cde9798adc88e40a61e1b9100a]
Sep-19 14:56:44.435 [TaskFinalizer-10] DEBUG nextflow.processor.TaskProcessor - Process R_Annotation > Skipping output binding because one or more optional files are missing: fileoutparam<0>
Sep-19 14:56:44.437 [Task submitter] DEBUG n.executor.local.LocalTaskHandler - Launch cmd line: /bin/bash -ue .command.run
Sep-19 14:56:44.439 [Task submitter] INFO  nextflow.Session - [ac/4c3339] Submitted process > R_LiverLungOverlapCheck (1)
Sep-19 14:56:45.139 [Task monitor] DEBUG n.processor.TaskPollingMonitor - Task completed > TaskHandler[id: 14; name: R_LiverLungOverlapCheck (1); status: COMPLETED; exit: 0; error: -; workDir: /home/pritom-sarkar/Experiment_PLOS_Revision/GIthub_CRC_PLOS/CRC_nf/work/ac/4c3339461a009a82bb0de9da978263]
Sep-19 14:56:45.142 [Task submitter] DEBUG n.executor.local.LocalTaskHandler - Launch cmd line: /bin/bash -ue .command.run
Sep-19 14:56:45.143 [Task submitter] INFO  nextflow.Session - [56/2d251a] Submitted process > R_PairedPrimaryMetastasisCheck (1)
Sep-19 14:56:49.812 [Task monitor] DEBUG n.processor.TaskPollingMonitor - Task completed > TaskHandler[id: 11; name: R_MetastasisOrganMarkerCheck (1); status: COMPLETED; exit: 0; error: -; workDir: /home/pritom-sarkar/Experiment_PLOS_Revision/GIthub_CRC_PLOS/CRC_nf/work/65/b4c71911ac84a9b3ef1ef7f561377d]
Sep-19 14:56:49.820 [Task submitter] DEBUG n.executor.local.LocalTaskHandler - Launch cmd line: /bin/bash -ue .command.run
Sep-19 14:56:49.820 [Task submitter] INFO  nextflow.Session - [d4/9ba721] Submitted process > R_StageClassification (1)
Sep-19 14:56:55.725 [Task monitor] DEBUG n.processor.TaskPollingMonitor - Task completed > TaskHandler[id: 12; name: R_PairedPrimaryMetastasisCheck (1); status: COMPLETED; exit: 0; error: -; workDir: /home/pritom-sarkar/Experiment_PLOS_Revision/GIthub_CRC_PLOS/CRC_nf/work/56/2d251a1a84396c171f8a776d29a91e]
Sep-19 14:57:12.499 [Task monitor] DEBUG n.processor.TaskPollingMonitor - Task completed > TaskHandler[id: 13; name: R_StageClassification (1); status: COMPLETED; exit: 0; error: -; workDir: /home/pritom-sarkar/Experiment_PLOS_Revision/GIthub_CRC_PLOS/CRC_nf/work/d4/9ba7215ec5b58ac5605b69f3587ce5]
Sep-19 14:57:12.527 [Task submitter] DEBUG n.executor.local.LocalTaskHandler - Launch cmd line: /bin/bash -ue .command.run
Sep-19 14:57:12.528 [Task submitter] INFO  nextflow.Session - [d6/3f3369] Submitted process > Python_EnsemblMapping (1)
Sep-19 14:57:12.569 [Task submitter] DEBUG n.executor.local.LocalTaskHandler - Launch cmd line: /bin/bash -ue .command.run
Sep-19 14:57:12.571 [Task submitter] INFO  nextflow.Session - [3e/8f0565] Submitted process > R_BootstrapFeatureStability (1)
Sep-19 14:57:32.520 [Task monitor] DEBUG n.processor.TaskPollingMonitor - Task completed > TaskHandler[id: 22; name: R_BootstrapFeatureStability (1); status: COMPLETED; exit: 0; error: -; workDir: /home/pritom-sarkar/Experiment_PLOS_Revision/GIthub_CRC_PLOS/CRC_nf/work/3e/8f056522fd5e58ec96dcde754b9b62]
Sep-19 14:57:32.528 [Task submitter] DEBUG n.executor.local.LocalTaskHandler - Launch cmd line: /bin/bash -ue .command.run
Sep-19 14:57:32.528 [Task submitter] INFO  nextflow.Session - [04/e33984] Submitted process > R_ExternalValidation (1)
Sep-19 14:58:04.245 [Task monitor] DEBUG n.processor.TaskPollingMonitor - Task completed > TaskHandler[id: 15; name: Python_EnsemblMapping (1); status: COMPLETED; exit: 0; error: -; workDir: /home/pritom-sarkar/Experiment_PLOS_Revision/GIthub_CRC_PLOS/CRC_nf/work/d6/3f33699423672b1a8ac1999009efd9]
Sep-19 14:58:04.248 [Task submitter] DEBUG n.executor.local.LocalTaskHandler - Launch cmd line: /bin/bash -ue .command.run
Sep-19 14:58:04.249 [Task submitter] INFO  nextflow.Session - [08/8c8610] Submitted process > R_FeatureSizeSensitivity (1)
Sep-19 14:58:05.848 [Task monitor] DEBUG n.processor.TaskPollingMonitor - Task completed > TaskHandler[id: 17; name: R_ExternalValidation (1); status: COMPLETED; exit: 0; error: -; workDir: /home/pritom-sarkar/Experiment_PLOS_Revision/GIthub_CRC_PLOS/CRC_nf/work/04/e33984bb6953dc1cf807b3c6a4e7f2]
Sep-19 14:58:05.858 [Task submitter] DEBUG n.executor.local.LocalTaskHandler - Launch cmd line: /bin/bash -ue .command.run
Sep-19 14:58:05.859 [Task submitter] INFO  nextflow.Session - [e3/2fa800] Submitted process > R_PermutationStabilityCheck (1)
Sep-19 14:58:15.437 [Task monitor] DEBUG n.processor.TaskPollingMonitor - Task completed > TaskHandler[id: 20; name: R_FeatureSizeSensitivity (1); status: COMPLETED; exit: 0; error: -; workDir: /home/pritom-sarkar/Experiment_PLOS_Revision/GIthub_CRC_PLOS/CRC_nf/work/08/8c8610b30734ec00b071b2ad205d67]
Sep-19 14:58:15.444 [Task submitter] DEBUG n.executor.local.LocalTaskHandler - Launch cmd line: /bin/bash -ue .command.run
Sep-19 14:58:15.445 [Task submitter] INFO  nextflow.Session - [f6/19b202] Submitted process > Python_BloodCrossValidation (1)
Sep-19 14:58:21.927 [Task monitor] DEBUG n.processor.TaskPollingMonitor - Task completed > TaskHandler[id: 21; name: R_PermutationStabilityCheck (1); status: COMPLETED; exit: 0; error: -; workDir: /home/pritom-sarkar/Experiment_PLOS_Revision/GIthub_CRC_PLOS/CRC_nf/work/e3/2fa800a0304b5bf5d0718f4e8112ad]
Sep-19 14:58:21.933 [Task submitter] DEBUG n.executor.local.LocalTaskHandler - Launch cmd line: /bin/bash -ue .command.run
Sep-19 14:58:21.933 [Task submitter] INFO  nextflow.Session - [4b/796eed] Submitted process > Python_BloodBatchEffectValidation (1)
Sep-19 14:58:37.577 [Task monitor] DEBUG n.processor.TaskPollingMonitor - Task completed > TaskHandler[id: 19; name: Python_BloodCrossValidation (1); status: COMPLETED; exit: 0; error: -; workDir: /home/pritom-sarkar/Experiment_PLOS_Revision/GIthub_CRC_PLOS/CRC_nf/work/f6/19b202b3058ff7a79ba59b5c37a0ee]
Sep-19 14:58:37.583 [Task submitter] DEBUG n.executor.local.LocalTaskHandler - Launch cmd line: /bin/bash -ue .command.run
Sep-19 14:58:37.583 [Task submitter] INFO  nextflow.Session - [fa/bab64b] Submitted process > R_BalancedMetricsClassWeight (1)
Sep-19 14:58:38.746 [Task monitor] DEBUG n.processor.TaskPollingMonitor - Task completed > TaskHandler[id: 18; name: R_BalancedMetricsClassWeight (1); status: COMPLETED; exit: 0; error: -; workDir: /home/pritom-sarkar/Experiment_PLOS_Revision/GIthub_CRC_PLOS/CRC_nf/work/fa/bab64b34f096b524568cff42312624]
Sep-19 14:58:38.751 [Task submitter] DEBUG n.executor.local.LocalTaskHandler - Launch cmd line: /bin/bash -ue .command.run
Sep-19 14:58:38.751 [Task submitter] INFO  nextflow.Session - [c1/0183d7] Submitted process > Python_MultiCohortValidation (1)
Sep-19 14:58:40.596 [Task monitor] DEBUG n.processor.TaskPollingMonitor - Task completed > TaskHandler[id: 16; name: Python_BloodBatchEffectValidation (1); status: COMPLETED; exit: 0; error: -; workDir: /home/pritom-sarkar/Experiment_PLOS_Revision/GIthub_CRC_PLOS/CRC_nf/work/4b/796eed0fd9d04f014a4b71f61144e5]
Sep-19 14:58:40.604 [Task submitter] DEBUG n.executor.local.LocalTaskHandler - Launch cmd line: /bin/bash -ue .command.run
Sep-19 14:58:40.605 [Task submitter] INFO  nextflow.Session - [e9/4226a2] Submitted process > R_BootstrapCI (1)
Sep-19 14:58:41.558 [Task monitor] DEBUG n.processor.TaskPollingMonitor - Task completed > TaskHandler[id: 24; name: R_BootstrapCI (1); status: COMPLETED; exit: 0; error: -; workDir: /home/pritom-sarkar/Experiment_PLOS_Revision/GIthub_CRC_PLOS/CRC_nf/work/e9/4226a2df6d2125db359b8c405480a2]
Sep-19 14:58:41.567 [Task submitter] DEBUG n.executor.local.LocalTaskHandler - Launch cmd line: /bin/bash -ue .command.run
Sep-19 14:58:41.568 [Task submitter] INFO  nextflow.Session - [9a/01af04] Submitted process > Python_GOAnalysis (1)
Sep-19 14:58:49.764 [Task monitor] DEBUG n.processor.TaskPollingMonitor - Task completed > TaskHandler[id: 26; name: Python_GOAnalysis (1); status: COMPLETED; exit: 0; error: -; workDir: /home/pritom-sarkar/Experiment_PLOS_Revision/GIthub_CRC_PLOS/CRC_nf/work/9a/01af041285eac1ab31a5c340799a80]
Sep-19 14:58:49.769 [Task submitter] DEBUG n.executor.local.LocalTaskHandler - Launch cmd line: /bin/bash -ue .command.run
Sep-19 14:58:49.769 [Task submitter] INFO  nextflow.Session - [46/2ee4f6] Submitted process > Python_KEGGAnalysis (1)
Sep-19 14:58:54.616 [Task monitor] DEBUG n.processor.TaskPollingMonitor - Task completed > TaskHandler[id: 25; name: Python_KEGGAnalysis (1); status: COMPLETED; exit: 0; error: -; workDir: /home/pritom-sarkar/Experiment_PLOS_Revision/GIthub_CRC_PLOS/CRC_nf/work/46/2ee4f67f1bdc58e10621af9b52cbf7]
Sep-19 14:59:03.669 [Task monitor] DEBUG n.processor.TaskPollingMonitor - Task completed > TaskHandler[id: 23; name: Python_MultiCohortValidation (1); status: COMPLETED; exit: 0; error: -; workDir: /home/pritom-sarkar/Experiment_PLOS_Revision/GIthub_CRC_PLOS/CRC_nf/work/c1/0183d7155b6b915eba18eddee531d2]
Sep-19 14:59:03.675 [main] DEBUG nextflow.Session - Session await > all processes finished
Sep-19 14:59:03.770 [Task monitor] DEBUG n.processor.TaskPollingMonitor - <<< barrier arrives (monitor: local) - terminating tasks monitor poll loop
Sep-19 14:59:03.771 [main] DEBUG nextflow.Session - Session await > all barriers passed
Sep-19 14:59:03.778 [main] DEBUG nextflow.util.ThreadPoolManager - Thread pool 'TaskFinalizer' shutdown completed (hard=false)
Sep-19 14:59:03.779 [main] DEBUG nextflow.util.ThreadPoolManager - Thread pool 'PublishDir' shutdown completed (hard=false)
Sep-19 14:59:03.794 [main] DEBUG n.trace.WorkflowStatsObserver - Workflow completed > WorkflowStats[succeededCount=26; failedCount=0; ignoredCount=0; cachedCount=0; pendingCount=0; submittedCount=0; runningCount=0; retriesCount=0; abortedCount=0; succeedDuration=5m 14s; failedDuration=0ms; cachedDuration=0ms;loadCpus=0; loadMemory=0; peakRunning=3; peakCpus=3; peakMemory=9 GB; ]
Sep-19 14:59:03.942 [main] DEBUG nextflow.cache.CacheDB - Closing CacheDB done
Sep-19 14:59:03.987 [main] DEBUG nextflow.util.ThreadPoolManager - Thread pool 'FileTransfer' shutdown completed (hard=false)
Sep-19 14:59:03.988 [main] DEBUG nextflow.script.ScriptRunner - > Execution complete -- Goodbye
